env: load .env
env: export EXPO_PUBLIC_SUPABASE_URL EXPO_PUBLIC_SUPABASE_ANON_KEY
Starting project at C:\Users\Pichau\Desktop\projetos\mechanic
React Compiler enabled
Starting Metro Bundler
Waiting on http://localhost:8082
Logs for your project will appear below.
Web node_modules\expo-router\entry.js ▓▓░░░░░░░░░░░░░░ 13.1% ( 92/254)
λ node_modules\expo-router\node\render.js ▓▓░░░░░░░░░░░░░░ 15.7% (119/300)
Web node_modules\expo-router\entry.js ▓▓▓▓▓▓▓▓▓▓▓▓▓▓░░ 92.9% (722/749)
λ node_modules\expo-router\node\render.js ▓▓▓▓▓▓▓▓▓▓▓▓▓▓░░ 91.9% (1345/1690)
Web node_modules\expo-router\entry.js ▓▓▓▓▓▓▓▓▓▓▓▓▓▓▓░ 94.9% (1702/1809)
λ node_modules\expo-router\node\render.js ▓▓▓▓▓▓▓▓▓▓▓▓▓▓▓░ 96.9% (2015/2047)
Web node_modules\expo-router\entry.js ▓▓▓▓▓▓▓▓▓▓▓▓▓▓▓░ 94.9% (2092/3805)
λ node_modules\expo-router\node\render.js ▓▓▓▓▓▓▓▓▓▓▓▓▓▓▓░ 97.4% (2321/3815)
Web node_modules\expo-router\entry.js ▓▓▓▓▓▓▓▓▓▓▓▓▓▓▓░ 94.9% (2092/3805)
λ node_modules\expo-router\node\render.js ▓▓▓▓▓▓▓▓▓▓▓▓▓▓▓░ 97.4% (3454/3815)
Web node_modules\expo-router\entry.js ▓▓▓▓▓▓▓▓▓▓▓▓▓▓▓░ 94.9% (2951/3806)
λ node_modules\expo-router\node\render.js ▓▓▓▓▓▓▓▓▓▓▓▓▓▓▓░ 98.4% (3785/3815)
Web node_modules\expo-router\entry.js ▓▓▓▓▓▓▓▓▓▓▓▓▓▓▓░ 99.9% (3830/3830)
λ node_modules\expo-router\node\render.js ▓▓▓▓▓▓▓▓▓▓▓▓▓▓▓░ 99.9% (3838/3840)
λ Bundled 22114ms node_modules\expo-router\node\render.js (3840 modules)
Web node_modules\expo-router\entry.js ▓▓▓▓▓▓▓▓▓▓▓▓▓▓▓░ 99.9% (3830/3830)
Web Bundled 27250ms node_modules\expo-router\entry.js (3830 modules)
Web node_modules\expo-router\entry.js ▓▓▓▓▓▓▓▓▓▓▓▓▓▓▓░ 99.9% (3830/3830)
Web node_modules\expo-router\entry.js ▓▓▓▓▓▓▓▓▓▓▓▓▓▓▓░ 97.3% (2251/3807)
λ Bundled 128ms node_modules\expo-router\node\render.js (1 module)
Web Bundled 1710ms node_modules\expo-router\entry.js (1 module)
Web node_modules\expo-router\entry.js ▓▓▓▓▓▓▓▓▓▓▓▓▓▓▓░ 97.3% (2879/3807)
Web node_modules\expo-router\entry.js ░░░░░░░░░░░░░░░░  0.0% (0/1)
Web Bundled 10511ms node_modules\expo-router\entry.js (3831 modules)
Web node_modules\expo-router\entry.js ▓▓▓▓▓▓▓▓▓▓▓▓▓▓▓░ 99.9% (3829/3831)
Web node_modules\expo-router\entry.js ░░░░░░░░░░░░░░░░  0.0% (0/1)
Web Bundled 3800ms node_modules\expo-router\entry.js (1 module)
 LOG  [web] Logs will appear in the browser console
 LOG  [web] Logs will appear in the browser console
Web node_modules\expo-router\entry.js ░░░░░░░░░░░░░░░░  0.0% (0/1)
λ Bundled 179ms node_modules\expo-router\node\render.js (1 module)
Web Bundled 2028ms node_modules\expo-router\entry.js (1 module)
Web node_modules\expo-router\entry.js ░░░░░░░░░░░░░░░░  0.0% (0/1)
λ Bundled 1407ms node_modules\expo-router\node\render.js (1 module)
Web Bundled 1822ms node_modules\expo-router\entry.js (1 module)
Web Bundled 132ms node_modules\expo-router\entry.js (1 module)
 LOG  [web] Logs will appear in the browser console
Web node_modules\expo-router\entry.js ░░░░░░░░░░░░░░░░  0.0% (0/1)
λ Bundled 264ms node_modules\expo-router\node\render.js (1 module)
Web Bundled 2046ms node_modules\expo-router\entry.js (1 module)
Web Bundled 103ms node_modules\expo-router\entry.js (1 module)
 LOG  [web] Logs will appear in the browser console
Web node_modules\expo-router\entry.js ░░░░░░░░░░░░░░░░  0.0% (0/1)
λ Bundled 124ms node_modules\expo-router\node\render.js (1 module)
Web Bundled 1770ms node_modules\expo-router\entry.js (1 module)
Web node_modules\expo-router\entry.js ░░░░░░░░░░░░░░░░  0.0% (0/1)
Web node_modules\expo-router\entry.js ░░░░░░░░░░░░░░░░  0.0% (0/1)
λ node_modules\expo-router\node\render.js ░░░░░░░░░░░░░░░░  0.0% (0/1)
λ Bundled 6475ms node_modules\expo-router\node\render.js (1 module)
Web node_modules\expo-router\entry.js ░░░░░░░░░░░░░░░░  0.0% (0/1)
λ node_modules\expo-router\node\render.js ░░░░░░░░░░░░░░░░  0.0% (0/1)
Web Bundled 8887ms node_modules\expo-router\entry.js (1 module)
Web Bundled 109ms node_modules\expo-router\entry.js (1 module)
 LOG  [web] Logs will appear in the browser console
Web node_modules\expo-router\entry.js ░░░░░░░░░░░░░░░░  0.0% (0/1)
λ Bundled 229ms node_modules\expo-router\node\render.js (1 module)
Web Bundled 2836ms node_modules\expo-router\entry.js (1 module)
Unable to resolve "@/stores/Agendamento-store" from "app\(mechanic)\appointment\[id].tsx"
[0m [90m 4 |[39m [36mimport[39m { [33mArrowLeft[39m[33m,[39m [33mCalendarDays[39m[33m,[39m [33mCar[39m[33m,[39m [33mClock3[39m[33m,[39m [33mPhone[39m[33m,[39m [33mUserRound[39m } [36mfrom[39m [32m'lucide-react-native'[39m[33m;[39m
 [90m 5 |[39m [36mimport[39m { [33mPrimaryButton[39m } [36mfrom[39m [32m'@/components/ui/PrimaryButton'[39m[33m;[39m
[31m[1m>[22m[39m[90m 6 |[39m [36mimport[39m { useAgendamentoStore } [36mfrom[39m [32m'@/stores/Agendamento-store'[39m[33m;[39m
 [90m   |[39m                                      [31m[1m^[22m[39m
 [90m 7 |[39m [36mimport[39m { colors[33m,[39m radius[33m,[39m shadow[33m,[39m spacing[33m,[39m statusTheme[33m,[39m typography } [36mfrom[39m [32m'@/constants/theme'[39m[33m;[39m
 [90m 8 |[39m [36mimport[39m { formatDateFull[33m,[39m formatTimeRange } [36mfrom[39m [32m'@/utils/date'[39m[33m;[39m
 [90m 9 |[39m[0m

Import stack:

 app\(mechanic)\appointment\[id].tsx
 | import "@/stores/Agendamento-store"

 app (require.context)

