env: load .env
env: export EXPO_PUBLIC_SUPABASE_URL EXPO_PUBLIC_SUPABASE_ANON_KEY
Starting project at C:\Users\Pichau\Desktop\projetos\admin
React Compiler enabled
Starting Metro Bundler
Waiting on http://localhost:8092
Logs for your project will appear below.
Web node_modules\expo-router\entry.js ▓▓▓▓▓▓▓▓▓▓▓░░░░░ 74.9% (522/603)
λ node_modules\expo-router\node\render.js ▓▓▓▓▓▓▓▓▓▓▓▓▓░░░ 81.9% (580/641)
Web node_modules\expo-router\entry.js ░░░░░░░░░░░░░░░░  0.0% (0/1)
λ node_modules\expo-router\node\render.js ░░░░░░░░░░░░░░░░  0.0% (0/1)
Web node_modules\expo-router\entry.js ░░░░░░░░░░░░░░░░  0.0% (0/1)
λ node_modules\expo-router\node\render.js ░░░░░░░░░░░░░░░░  0.0% (0/1)
Web node_modules\expo-router\entry.js ░░░░░░░░░░░░░░░░  0.0% (0/1)
λ node_modules\expo-router\node\render.js ░░░░░░░░░░░░░░░░  0.0% (0/1)
Web node_modules\expo-router\entry.js ▓▓▓▓▓▓▓▓▓▓▓▓▓▓▓░ 95.9% (760/777)
λ node_modules\expo-router\node\render.js ▓▓▓▓▓▓▓▓▓▓▓▓▓▓▓░ 95.9% (2716/2773)
Web node_modules\expo-router\entry.js ░░░░░░░░░░░░░░░░  0.0% (0/1)
λ node_modules\expo-router\node\render.js ░░░░░░░░░░░░░░░░  0.0% (0/1)
Web node_modules\expo-router\entry.js ░░░░░░░░░░░░░░░░  0.0% (0/1)
λ node_modules\expo-router\node\render.js ░░░░░░░░░░░░░░░░  0.0% (0/1)
Web node_modules\expo-router\entry.js ░░░░░░░░░░░░░░░░  0.0% (0/1)
λ node_modules\expo-router\node\render.js ░░░░░░░░░░░░░░░░  0.0% (0/1)
Web node_modules\expo-router\entry.js ░░░░░░░░░░░░░░░░  0.0% (0/1)
λ node_modules\expo-router\node\render.js ░░░░░░░░░░░░░░░░  0.0% (0/1)
λ Bundled 8819ms node_modules\expo-router\node\render.js (3329 modules)
λ Bundled 8969ms node_modules\expo-router\node\render.js (1 module)
λ Bundled 9021ms node_modules\expo-router\node\render.js (1 module)
λ Bundled 6633ms node_modules\expo-router\node\render.js (1 module)
λ Bundled 5838ms node_modules\expo-router\node\render.js (1 module)
λ Bundled 23ms node_modules\expo-router\node\render.js (1 module)
Web node_modules\expo-router\entry.js ▓▓▓▓▓▓▓▓▓▓▓▓▓▓▓░ 96.8% (3265/3319)
Web node_modules\expo-router\entry.js ░░░░░░░░░░░░░░░░  0.0% (0/1)
Web node_modules\expo-router\entry.js ░░░░░░░░░░░░░░░░  0.0% (0/1)
Web node_modules\expo-router\entry.js ░░░░░░░░░░░░░░░░  0.0% (0/1)
Web node_modules\expo-router\entry.js ░░░░░░░░░░░░░░░░  0.0% (0/1)
Web node_modules\expo-router\entry.js ░░░░░░░░░░░░░░░░  0.0% (0/1)
Web node_modules\expo-router\entry.js ▓▓▓▓▓▓▓▓▓▓▓▓▓▓▓░ 99.9% (3318/3319)
Web node_modules\expo-router\entry.js ░░░░░░░░░░░░░░░░  0.0% (0/1)
Web node_modules\expo-router\entry.js ░░░░░░░░░░░░░░░░  0.0% (0/1)
Web node_modules\expo-router\entry.js ░░░░░░░░░░░░░░░░  0.0% (0/1)
Web node_modules\expo-router\entry.js ░░░░░░░░░░░░░░░░  0.0% (0/1)
Web node_modules\expo-router\entry.js ░░░░░░░░░░░░░░░░  0.0% (0/1)
Web Bundled 15173ms node_modules\expo-router\entry.js (3319 modules)
Web Bundled 15189ms node_modules\expo-router\entry.js (1 module)
Web Bundled 15201ms node_modules\expo-router\entry.js (1 module)
Web Bundled 12811ms node_modules\expo-router\entry.js (1 module)
Web Bundled 11992ms node_modules\expo-router\entry.js (1 module)
Web Bundled 5577ms node_modules\expo-router\entry.js (1 module)
λ Bundled 85ms node_modules\expo-router\node\render.js (1 module)
Web Bundled 989ms node_modules\expo-router\entry.js (1 module)
Web node_modules\expo-router\entry.js ▓▓▓▓▓▓▓▓▓▓▓▓░░░░ 79.1% (563/633)
Web Bundled 3921ms node_modules\expo-router\entry.js (3320 modules)
 LOG  [web] Logs will appear in the browser console
Web node_modules\expo-router\entry.js ░░░░░░░░░░░░░░░░  0.0% (0/1)
λ Bundled 107ms node_modules\expo-router\node\render.js (1 module)
Web Bundled 1107ms node_modules\expo-router\entry.js (1 module)
Web Bundled 78ms node_modules\expo-router\entry.js (1 module)
 LOG  [web] Logs will appear in the browser console
Web node_modules\expo-router\entry.js ░░░░░░░░░░░░░░░░  0.0% (0/1)
λ Bundled 113ms node_modules\expo-router\node\render.js (1 module)
Web Bundled 889ms node_modules\expo-router\entry.js (1 module)
Web Bundled 81ms node_modules\expo-router\entry.js (1 module)
 LOG  [web] Logs will appear in the browser console
Web node_modules\expo-router\entry.js ░░░░░░░░░░░░░░░░  0.0% (0/1)
λ Bundled 109ms node_modules\expo-router\node\render.js (1 module)
Web Bundled 1158ms node_modules\expo-router\entry.js (1 module)
Web Bundled 77ms node_modules\expo-router\entry.js (1 module)
 LOG  [web] Logs will appear in the browser console
Web node_modules\expo-router\entry.js ░░░░░░░░░░░░░░░░  0.0% (0/1)
λ Bundled 89ms node_modules\expo-router\node\render.js (1 module)
Web Bundled 1094ms node_modules\expo-router\entry.js (1 module)
Web node_modules\expo-router\entry.js ░░░░░░░░░░░░░░░░  0.0% (0/1)
λ Bundled 136ms node_modules\expo-router\node\render.js (1 module)
Web Bundled 909ms node_modules\expo-router\entry.js (1 module)
Web node_modules\expo-router\entry.js ░░░░░░░░░░░░░░░░  0.0% (0/1)
λ Bundled 101ms node_modules\expo-router\node\render.js (1 module)
Web Bundled 866ms node_modules\expo-router\entry.js (1 module)
Web Bundled 92ms node_modules\expo-router\entry.js (1 module)
 LOG  [web] Logs will appear in the browser console
Web node_modules\expo-router\entry.js ░░░░░░░░░░░░░░░░  0.0% (0/1)
λ Bundled 128ms node_modules\expo-router\node\render.js (1 module)
Web Bundled 890ms node_modules\expo-router\entry.js (1 module)
Web node_modules\expo-router\entry.js ░░░░░░░░░░░░░░░░  0.0% (0/1)
λ Bundled 104ms node_modules\expo-router\node\render.js (1 module)
Web Bundled 901ms node_modules\expo-router\entry.js (1 module)
Web Bundled 75ms node_modules\expo-router\entry.js (1 module)
 LOG  [web] Logs will appear in the browser console
